JSCompiler_StaticMethods_assoc_BANG_:ph
JSCompiler_StaticMethods_cljs$core$IMultiFn$_get_method$arity$2:Ji
JSCompiler_StaticMethods_cljs$core$async$impl$channels$MMC$abort$arity$1:Ds
JSCompiler_StaticMethods_sval:pe
JSCompiler_inline_result$jscomp$4:ma
JSCompiler_prototypeAlias:h
L 0:a
L 1:b
L 10:n
L 100:Pq
L 101:Ty
L 102:Qq
L 103:Rq
L 104:Sq
L 105:Tq
L 106:Uq
L 107:Vq
L 108:Uy
L 109:Vy
L 11:p
L 110:Wq
L 111:Xq
L 112:Yq
L 113:Zq
L 114:Wy
L 115:Xy
L 116:$q
L 117:Yy
L 118:Zy
L 119:ar
L 12:r
L 120:$y
L 121:az
L 122:bz
L 123:cz
L 124:dz
L 125:ez
L 126:br
L 127:cr
L 128:dr
L 129:Jm
L 13:v
L 130:er
L 14:B
L 15:D
L 16:H
L 17:O
L 18:K
L 19:Z
L 2:c
L 20:ya
L 21:Na
L 22:nb
L 23:Lb
L 24:Mc
L 25:Ab
L 26:Ia
L 27:Ja
L 28:ka
L 29:na
L 3:d
L 30:bb
L 31:ri
L 32:ly
L 33:lq
L 34:mq
L 35:nq
L 36:oq
L 37:pq
L 38:dh
L 39:my
L 4:e
L 40:ny
L 41:qq
L 42:rq
L 43:sq
L 44:oy
L 45:py
L 46:tq
L 47:eh
L 48:qy
L 49:uq
L 5:f
L 50:vq
L 51:wq
L 52:xq
L 53:ry
L 54:sy
L 55:ty
L 56:yq
L 57:zq
L 58:Aq
L 59:uy
L 6:g
L 60:vy
L 61:wy
L 62:fh
L 63:xy
L 64:Bq
L 65:yy
L 66:Cq
L 67:zy
L 68:Ay
L 69:By
L 7:k
L 70:Cy
L 71:Dq
L 72:Im
L 73:Dy
L 74:Ey
L 75:Fy
L 76:Gy
L 77:Hy
L 78:Iy
L 79:Jy
L 8:l
L 80:Eq
L 81:Ky
L 82:Fq
L 83:Ly
L 84:Gq
L 85:My
L 86:Hq
L 87:Ny
L 88:Iq
L 89:Oy
L 9:m
L 90:Py
L 91:Jq
L 92:Qy
L 93:Ry
L 94:Kq
L 95:Lq
L 96:Mq
L 97:Sy
L 98:Nq
L 99:Oq
cached_hierarchy__4750__auto__$jscomp$inline_1758:Br
cached_hierarchy__4750__auto__$jscomp$inline_1867:Ov
cached_hierarchy__4750__auto__$jscomp$inline_1901:fw
cached_hierarchy__4750__auto__$jscomp$inline_1974:Ox
cljs:va
cljs$core:wa
cljs$core$ArrayChunk:re
cljs$core$ArrayIter:Re
cljs$core$ArrayNode:Wg
cljs$core$ArrayNodeIterator:$g
cljs$core$ArrayNodeSeq:jh
cljs$core$Atom:mf
cljs$core$BitmapIndexedNode:Sg
cljs$core$BitmapIndexedNode$EMPTY:Vg
cljs$core$Box:Lg
cljs$core$ChunkBuffer:qe
cljs$core$ChunkedCons:te
cljs$core$ChunkedSeq:lg
cljs$core$Cons:ke
cljs$core$EMPTY:$e
cljs$core$ES6EntriesIterator:Ag
cljs$core$ES6Iterator:Nc
cljs$core$ES6IteratorSeq:Pc
cljs$core$ES6SetEntriesIterator:Bg
cljs$core$Eduction:ii
cljs$core$Empty:Ze
cljs$core$EmptyList:he
cljs$core$ExceptionInfo:Li
cljs$core$HashCollisionNode:gh
cljs$core$HashMapIter:lh
cljs$core$HashSetIter:vh
cljs$core$IAssociative:tb
cljs$core$ICollection:fb
cljs$core$ICounted:ab
cljs$core$IDeref:Hb
cljs$core$IEmptyableCollection:db
cljs$core$IEncodeClojure:pi
cljs$core$IEncodeJS:ki
cljs$core$IIndexed:hb
cljs$core$IIndexed$_nth$dyn_22253:jb
cljs$core$IIterable:sc
cljs$core$IKVReduce:Qb
cljs$core$IList:Xb
cljs$core$ILookup:qb
cljs$core$ILookup$_lookup$dyn_22283:sb
cljs$core$IMap:xb
cljs$core$IMeta:Ib
cljs$core$INIT:Se
cljs$core$INext:ob
cljs$core$IPending:dc
cljs$core$IPrintWithWriter:bc
cljs$core$IRecord:Yb
cljs$core$IReduce:Nb
cljs$core$IReduce$_reduce$dyn_22356:Pb
cljs$core$IReversible:Zb
cljs$core$ISeq:kb
cljs$core$ISeqable:Ub
cljs$core$ISequential:Wb
cljs$core$ISet:Cb
cljs$core$ISwap$_swap_BANG_$dyn_22510:qc
cljs$core$ITER_SYMBOL:Wa
cljs$core$IVector:Fb
cljs$core$IWithMeta:Kb
cljs$core$IndexedSeq:M
cljs$core$IndexedSeqIterator:hd
cljs$core$IntegerRange:Hh
cljs$core$IntegerRangeChunk:Fh
cljs$core$KeySeq:rh
cljs$core$Keyword:G
cljs$core$LazySeq:oe
cljs$core$List:sd
cljs$core$List$EMPTY:Lc
cljs$core$Many:We
cljs$core$MapEntry:$f
cljs$core$MetaFn:xd
cljs$core$MultiFn:Hi
cljs$core$NONE:Xe
cljs$core$NeverEquiv:wg
cljs$core$NodeIterator:Rg
cljs$core$NodeSeq:hh
cljs$core$PROTOCOL_SENTINEL:t
cljs$core$PersistentArrayMap:w
cljs$core$PersistentArrayMap$EMPTY:W
cljs$core$PersistentArrayMap$HASHMAP_THRESHOLD:Ig
cljs$core$PersistentArrayMap$createAsIfByAssoc:vd
cljs$core$PersistentArrayMapIterator:Eg
cljs$core$PersistentArrayMapSeq:Dg
cljs$core$PersistentHashMap:mh
cljs$core$PersistentHashMap$EMPTY:Jg
cljs$core$PersistentHashMap$fromArrays:oh
cljs$core$PersistentHashSet:wh
cljs$core$PersistentHashSet$EMPTY:yh
cljs$core$PersistentHashSet$createAsIfByAssoc:zh
cljs$core$PersistentQueue:ug
cljs$core$PersistentQueue$EMPTY:vg
cljs$core$PersistentQueueIter:sg
cljs$core$PersistentQueueSeq:tg
cljs$core$PersistentVector:X
cljs$core$PersistentVector$EMPTY:rd
cljs$core$PersistentVector$EMPTY_NODE:Y
cljs$core$PersistentVector$fromArray:fg
cljs$core$RSeq:id
cljs$core$Range:Ih
cljs$core$RangeIterator:Gh
cljs$core$RangedIterator:Wf
cljs$core$RecordIter:zg
cljs$core$Reduced:Vc
cljs$core$Repeat:yf
cljs$core$START:Te
cljs$core$SeqIter:Ue
cljs$core$Single:Ye
cljs$core$StringBufferWriter:uc
cljs$core$StringIter:Qe
cljs$core$Subvec:ng
cljs$core$Symbol:E
cljs$core$TaggedLiteral:Oi
cljs$core$TransformerIterator:bf
cljs$core$TransientArrayMap:Hg
cljs$core$TransientHashMap:nh
cljs$core$TransientHashSet:xh
cljs$core$TransientVector:ag
cljs$core$UUID:Ki
cljs$core$ValSeq:sh
cljs$core$Var:Gc
cljs$core$VectorNode:Kf
cljs$core$Volatile:qf
cljs$core$_:Yd
cljs$core$_EQ_:I
cljs$core$_EQ__EQ_:ee
cljs$core$_EQ__EQ_$cljs$0core$0IFn$0_invoke$0arity$02:fe
cljs$core$_PLUS_:Xd
cljs$core$_STAR_out_STAR_:u
cljs$core$_STAR_print_dup_STAR_:Da
cljs$core$_STAR_print_fn_STAR_:za
cljs$core$_STAR_print_length_STAR_:Ea
cljs$core$_STAR_print_level_STAR_:Fa
cljs$core$_STAR_print_meta_STAR_:Ca
cljs$core$_STAR_print_newline_STAR_:Aa
cljs$core$_STAR_print_readably_STAR_:Ba
cljs$core$__GT_VectorNode:Lf
cljs$core$__destructure_map:Me
cljs$core$_add_method:Fi
cljs$core$_as_transient:fc
cljs$core$_assoc:vb
cljs$core$_assoc_BANG_:ic
cljs$core$_assoc_n:Gb
cljs$core$_chunked_first:kc
cljs$core$_chunked_rest:lc
cljs$core$_clj__GT_js:li
cljs$core$_conj:gb
cljs$core$_conj_BANG_:gc
cljs$core$_contains_key_QMARK_:ub
cljs$core$_count:cb
cljs$core$_deref:A
cljs$core$_dissoc:yb
cljs$core$_drop_first:jc
cljs$core$_empty:eb
cljs$core$_equiv:Sb
cljs$core$_find:wb
cljs$core$_first:lb
cljs$core$_flush:ac
cljs$core$_global_hierarchy:ui
cljs$core$_hash:Tb
cljs$core$_indexOf$cljs$0core$0IFn$0_invoke$0arity$03:Q
cljs$core$_iterator:tc
cljs$core$_js__GT_clj:qi
cljs$core$_key:zb
cljs$core$_kv_reduce:Rb
cljs$core$_lastIndexOf$cljs$0core$0IFn$0_invoke$0arity$03:gd
cljs$core$_lookup:rb
cljs$core$_meta:Jb
cljs$core$_name:mc
cljs$core$_namespace:nc
cljs$core$_next:pb
cljs$core$_nth:ib
cljs$core$_peek:Db
cljs$core$_persistent_BANG_:hc
cljs$core$_pop:Eb
cljs$core$_pr_writer:cc
cljs$core$_realized_QMARK_:ec
cljs$core$_reduce:Ob
cljs$core$_reset_BANG_:oc
cljs$core$_rest:mb
cljs$core$_rseq:$b
cljs$core$_seq:Vb
cljs$core$_swap_BANG_:pc
cljs$core$_val:Bb
cljs$core$_vreset_BANG_:rc
cljs$core$_with_meta:Mb
cljs$core$_write:C
cljs$core$aclone:Xa
cljs$core$apply:Hc
cljs$core$apply$cljs$0core$0IFn$0_invoke$0arity$02:He
cljs$core$apply$cljs$0core$0IFn$0_invoke$0arity$03:Ie
cljs$core$apply$cljs$0core$0IFn$0_invoke$0arity$04:Je
cljs$core$apply$cljs$0core$0IFn$0_invoke$0arity$05:Ke
cljs$core$apply$cljs$0core$0IFn$0_invoke$0arity$0variadic:Le
cljs$core$apply_to:Be
cljs$core$apply_to_simple$cljs$0core$0IFn$0_invoke$0arity$03:De
cljs$core$apply_to_simple$cljs$0core$0IFn$0_invoke$0arity$04:Ee
cljs$core$apply_to_simple$cljs$0core$0IFn$0_invoke$0arity$05:Fe
cljs$core$apply_to_simple$cljs$0core$0IFn$0_invoke$0arity$06:Ge
cljs$core$array_QMARK_:Ra
cljs$core$array__GT_transient_hash_map:Kg
cljs$core$array_copy:Kd
cljs$core$array_for:Tf
cljs$core$array_index_of:Cg
cljs$core$array_map:qh
cljs$core$array_reduce$cljs$0core$0IFn$0_invoke$0arity$02:$c
cljs$core$array_reduce$cljs$0core$0IFn$0_invoke$0arity$03:ad
cljs$core$array_reduce$cljs$0core$0IFn$0_invoke$0arity$04:bd
cljs$core$assoc:U
cljs$core$assoc_BANG_$cljs$0core$0IFn$0_invoke$0arity$03:Ae
cljs$core$async:Zr
cljs$core$async$chan$cljs$0core$0IFn$0_invoke$0arity$03:Os
cljs$core$async$fhnop:ds
cljs$core$async$fn_handler$cljs$0core$0IFn$0_invoke$0arity$02:Ns
cljs$core$async$impl:as
cljs$core$async$impl$buffers$FixedBuffer:ls
cljs$core$async$impl$buffers$NO_VAL:ms
cljs$core$async$impl$buffers$PromiseBuffer:ns
cljs$core$async$impl$buffers$RingBuffer:ks
cljs$core$async$impl$buffers$acopy:js
cljs$core$async$impl$channels:xs
cljs$core$async$impl$channels$ManyToManyChannel:Cs
cljs$core$async$impl$channels$PutBox:As
cljs$core$async$impl$channels$box:zs
cljs$core$async$impl$channels$chan$cljs$0core$0IFn$0_invoke$0arity$03:Gs
cljs$core$async$impl$channels$ex_handler:Es
cljs$core$async$impl$channels$handle:Fs
cljs$core$async$impl$channels$put_active_QMARK_:Bs
cljs$core$async$impl$channels$t_cljs$0core$0async$0impl$0channels23688:ys
cljs$core$async$impl$dispatch$process_messages:us
cljs$core$async$impl$dispatch$queue_dispatcher:vs
cljs$core$async$impl$dispatch$queued_QMARK_:ts
cljs$core$async$impl$dispatch$run:ws
cljs$core$async$impl$dispatch$running_QMARK_:ss
cljs$core$async$impl$dispatch$tasks:rs
cljs$core$async$impl$ioc_helpers:Hs
cljs$core$async$impl$ioc_helpers$fn_handler:Js
cljs$core$async$impl$ioc_helpers$return_chan:Ms
cljs$core$async$impl$ioc_helpers$run_state_machine_wrapped:Ks
cljs$core$async$impl$ioc_helpers$t_cljs$0core$0async$0impl$0ioc_helpers23516:Is
cljs$core$async$impl$ioc_helpers$take_BANG_:Ls
cljs$core$async$impl$protocols$active_QMARK_:fs
cljs$core$async$impl$protocols$add_BANG_:is
cljs$core$async$impl$protocols$add_BANG__STAR_:hs
cljs$core$async$impl$protocols$close_BANG_:es
cljs$core$async$impl$protocols$commit:gs
cljs$core$async$impl$protocols$put_BANG_:cs
cljs$core$async$impl$protocols$take_BANG_:bs
cljs$core$async$interop$p__GT_c:Zx
cljs$core$async$put_BANG_$cljs$0core$0IFn$0_invoke$0arity$02:Rs
cljs$core$async$t_cljs$0core$0async24483:$r
cljs$core$async$take_BANG_$cljs$0core$0IFn$0_invoke$0arity$02:Ps
cljs$core$async$take_BANG_$cljs$0core$0IFn$0_invoke$0arity$03:Qs
cljs$core$atom$cljs$0core$0IFn$0_invoke$0arity$01:nf
cljs$core$bit_count:de
cljs$core$boolean$0:Nd
cljs$core$bounded_count:we
cljs$core$build_subvec:og
cljs$core$butlast:Bh
cljs$core$char$0:$d
cljs$core$char_escapes:Sh
cljs$core$chunkIteratorSeq:af
cljs$core$chunk_append:ve
cljs$core$chunk_buffer:se
cljs$core$chunk_cons:ue
cljs$core$chunked_seq:eg
cljs$core$chunked_seq$cljs$0core$0IFn$0_invoke$0arity$04:dg
cljs$core$chunked_seq$cljs$0core$0IFn$0_invoke$0arity$05:mg
cljs$core$chunked_seq_QMARK_:Jd
cljs$core$ci_reduce$cljs$0core$0IFn$0_invoke$0arity$02:Yc
cljs$core$ci_reduce$cljs$0core$0IFn$0_invoke$0arity$03:Zc
cljs$core$clj__GT_js:ni
cljs$core$clone_and_set$cljs$0core$0IFn$0_invoke$0arity$03:Ng
cljs$core$coll_QMARK_:Dd
cljs$core$comp:jf
cljs$core$complement:gf
cljs$core$completing$cljs$0core$0IFn$0_invoke$0arity$02:Vd
cljs$core$concat:ye
cljs$core$conj:qd
cljs$core$conj_BANG_:ze
cljs$core$cons:kd
cljs$core$constantly:hf
cljs$core$contains_QMARK_:Pd
cljs$core$count:R
cljs$core$counted_QMARK_:cd
cljs$core$create_array_node_seq:bh
cljs$core$create_array_node_seq$cljs$0core$0IFn$0_invoke$0arity$01:ah
cljs$core$create_array_node_seq$cljs$0core$0IFn$0_invoke$0arity$03:kh
cljs$core$create_inode_seq:Ug
cljs$core$create_inode_seq$cljs$0core$0IFn$0_invoke$0arity$01:Tg
cljs$core$create_inode_seq$cljs$0core$0IFn$0_invoke$0arity$03:ih
cljs$core$create_node:Yg
cljs$core$create_node$cljs$0core$0IFn$0_invoke$0arity$06:Zg
cljs$core$create_node$cljs$0core$0IFn$0_invoke$0arity$07:Xg
cljs$core$dec:Zd
cljs$core$deref:Xc
cljs$core$dissoc:wd
cljs$core$do_assoc:Uf
cljs$core$doall$cljs$0core$0IFn$0_invoke$0arity$01:Kh
cljs$core$dominates:Di
cljs$core$drop$cljs$0core$0IFn$0_invoke$0arity$02:wf
cljs$core$drop_last$cljs$0core$0IFn$0_invoke$0arity$02:xf
cljs$core$edit_and_set$cljs$0core$0IFn$0_invoke$0arity$04:Pg
cljs$core$empty:td
cljs$core$empty_QMARK_:Cd
cljs$core$empty_ordered_hash:Rc
cljs$core$empty_unordered_hash:Tc
cljs$core$enable_console_print_BANG_:Pa
cljs$core$equiv_map:yg
cljs$core$equiv_sequential:jd
cljs$core$es6_iterator:Oc
cljs$core$es6_iterator_seq:Jc
cljs$core$every_QMARK_:ef
cljs$core$ex_data:Ni
cljs$core$ex_info$cljs$0core$0IFn$0_invoke$0arity$02:Mi
cljs$core$filter$cljs$0core$0IFn$0_invoke$0arity$02:Df
cljs$core$find_and_cache_best_method:Ei
cljs$core$first:N
cljs$core$fnil$cljs$0core$0IFn$0_invoke$0arity$02:lf
cljs$core$get:F
cljs$core$get_global_hierarchy:vi
cljs$core$hash:Dc
cljs$core$hash_collision_node_find_index:ch
cljs$core$hash_map:Ne
cljs$core$hash_ordered_coll:Qc
cljs$core$hash_string:Cc
cljs$core$hash_symbol:Ec
cljs$core$hash_unordered_coll:Sc
cljs$core$identity:Ud
cljs$core$imul:wc
cljs$core$inc:Uc
cljs$core$indexed_QMARK_:dd
cljs$core$inode_kv_reduce:Qg
cljs$core$integer_QMARK_:Od
cljs$core$interleave:Af
cljs$core$interpose$cljs$0core$0IFn$0_invoke$0arity$01:Bf
cljs$core$into$cljs$0core$0IFn$0_invoke$0arity$02:Ef
cljs$core$into$cljs$0core$0IFn$0_invoke$0arity$03:Ff
cljs$core$into_array$cljs$0core$0IFn$0_invoke$0arity$02:Ya
cljs$core$isa_QMARK_$cljs$0core$0IFn$0_invoke$0arity$03:zi
cljs$core$iter:Ve
cljs$core$iter_reduce$cljs$0core$0IFn$0_invoke$0arity$02:Qd
cljs$core$iter_reduce$cljs$0core$0IFn$0_invoke$0arity$03:Rd
cljs$core$iterable_QMARK_:Ic
cljs$core$js__GT_clj$cljs$0core$0IFn$0_invoke$0arity$0variadic:si
cljs$core$key:ig
cljs$core$key__GT_js$cljs$0core$0IFn$0_invoke$0arity$02:mi
cljs$core$key_test:Mg
cljs$core$keys:Fg
cljs$core$keyword:me
cljs$core$keyword_identical_QMARK_:V
cljs$core$last:pd
cljs$core$lift_ns:fi
cljs$core$linear_traversal_nth$cljs$0core$0IFn$0_invoke$0arity$03:ud
cljs$core$list:je
cljs$core$list_QMARK_:ge
cljs$core$lookup_sentinel:Ld
cljs$core$m3_fmix:zc
cljs$core$m3_mix_H1:yc
cljs$core$m3_mix_K1:xc
cljs$core$map:tf
cljs$core$map_QMARK_:Gd
cljs$core$map_entry_QMARK_:hg
cljs$core$mapcat$cljs$0core$0IFn$0_invoke$0arity$0variadic:Cf
cljs$core$mapv$cljs$0core$0IFn$0_invoke$0arity$02:Gf
cljs$core$merge:th
cljs$core$merge_with:uh
cljs$core$meta:zd
cljs$core$missing_protocol:y
cljs$core$mod:ae
cljs$core$name:ne
cljs$core$namespace:le
cljs$core$native_satisfies_QMARK_:Ta
cljs$core$never_equiv:xg
cljs$core$new_path:Pf
cljs$core$next:P
cljs$core$next_STAR_:Ce
cljs$core$nil_QMARK_:Qa
cljs$core$nil_iter:Pe
cljs$core$not:Sa
cljs$core$not_empty:Oe
cljs$core$nth:fd
cljs$core$nth$cljs$0core$0IFn$0_invoke$0arity$02:ed
cljs$core$nth$cljs$0core$0IFn$0_invoke$0arity$03:T
cljs$core$parents$cljs$0core$0IFn$0_invoke$0arity$01:Ai
cljs$core$partial$cljs$0core$0IFn$0_invoke$0arity$02:kf
cljs$core$partition_all$cljs$0core$0IFn$0_invoke$0arity$03:Dh
cljs$core$peek:Ad
cljs$core$pop:Bd
cljs$core$pop_tail:Vf
cljs$core$pr_opts:Ga
cljs$core$pr_sequential_writer:Oh
cljs$core$pr_str:ai
cljs$core$pr_str_STAR_:vc
cljs$core$pr_str_with_opts:$h
cljs$core$pr_writer:Wh
cljs$core$pr_writer_impl:Vh
cljs$core$prefers_STAR_:Ci
cljs$core$prim_seq$cljs$0core$0IFn$0_invoke$0arity$02:S
cljs$core$print_map:Xh
cljs$core$print_meta_QMARK_:Uh
cljs$core$print_prefix_map:gi
cljs$core$print_str:bi
cljs$core$println:ci
cljs$core$println$cljs$0core$0IFn$0_invoke$0arity$0variadic:di
cljs$core$push_tail:Qf
cljs$core$pv_clone_node:Nf
cljs$core$pv_fresh_node:Mf
cljs$core$pv_reduce$cljs$0core$0IFn$0_invoke$0arity$04:Yf
cljs$core$pv_reduce$cljs$0core$0IFn$0_invoke$0arity$05:Zf
cljs$core$quot:be
cljs$core$quote_string:Th
cljs$core$range$cljs$0core$0IFn$0_invoke$0arity$02:Jh
cljs$core$ranged_iterator:Xf
cljs$core$re_find:Nh
cljs$core$re_matches:Mh
cljs$core$record_QMARK_:Hd
cljs$core$reduce:$a
cljs$core$reduce$cljs$0core$0IFn$0_invoke$0arity$02:Sd
cljs$core$reduce$cljs$0core$0IFn$0_invoke$0arity$03:Za
cljs$core$reduce_kv:Td
cljs$core$reduced_QMARK_:Wc
cljs$core$regexp_QMARK_:Lh
cljs$core$rem:ce
cljs$core$remove_pair:Og
cljs$core$repeat$cljs$0core$0IFn$0_invoke$0arity$02:zf
cljs$core$reset_BANG_:of
cljs$core$reset_cache:Bi
cljs$core$rest:Kc
cljs$core$reverse:ie
cljs$core$run_BANG_:ji
cljs$core$second:od
cljs$core$seq:J
cljs$core$seq_QMARK_:Md
cljs$core$seq_reduce:md
cljs$core$seq_reduce$cljs$0core$0IFn$0_invoke$0arity$02:ld
cljs$core$seq_reduce$cljs$0core$0IFn$0_invoke$0arity$03:nd
cljs$core$sequence$cljs$0core$0IFn$0_invoke$0arity$02:df
cljs$core$sequential_QMARK_:Fd
cljs$core$set:Ah
cljs$core$set_QMARK_:Ed
cljs$core$some:ff
cljs$core$spread:xe
cljs$core$str:z
cljs$core$string_hash_cache:Ac
cljs$core$string_hash_cache_count:Bc
cljs$core$string_print:Rh
cljs$core$strip_ns:ei
cljs$core$subvec$cljs$0core$0IFn$0_invoke$0arity$03:pg
cljs$core$swap_BANG_:pf
cljs$core$symbol:Fc
cljs$core$t_cljs$0core20624:xa
cljs$core$tagged_literal:Pi
cljs$core$tail_off:Of
cljs$core$take$cljs$0core$0IFn$0_invoke$0arity$01:uf
cljs$core$take$cljs$0core$0IFn$0_invoke$0arity$02:vf
cljs$core$take_while$cljs$0core$0IFn$0_invoke$0arity$02:Eh
cljs$core$throw_no_method_error:Gi
cljs$core$transduce$cljs$0core$0IFn$0_invoke$0arity$04:Wd
cljs$core$transformer_iterator:cf
cljs$core$truth_:x
cljs$core$tv_editable_root:bg
cljs$core$tv_editable_tail:cg
cljs$core$tv_ensure_editable:qg
cljs$core$tv_push_tail:rg
cljs$core$type:Ua
cljs$core$type__GT_str:Va
cljs$core$unchecked_array_for:Sf
cljs$core$update$cljs$0core$0IFn$0_invoke$0arity$03:If
cljs$core$update_in:Hf
cljs$core$val:jg
cljs$core$vals:Gg
cljs$core$vec:gg
cljs$core$vector:kg
cljs$core$vector_QMARK_:Id
cljs$core$vector_index_out_of_bounds:Rf
cljs$core$volatile_BANG_:rf
cljs$core$vreset_BANG_:sf
cljs$core$with_meta:yd
cljs$core$write_all$cljs$0core$0IFn$0_invoke$0arity$0variadic:Qh
cljs$core$zipmap:Ch
cljs$cst$keyword$align:lj
cljs$cst$keyword$all:ko
cljs$cst$keyword$allows_DASH_separator:vm
cljs$cst$keyword$alt_DASH_impl:Yh
cljs$cst$keyword$ancestors:yi
cljs$cst$keyword$arg1:mp
cljs$cst$keyword$arg2:np
cljs$cst$keyword$arg3:lp
cljs$cst$keyword$arglists:kj
cljs$cst$keyword$at:co
cljs$cst$keyword$auth_DASH_token:fq
cljs$cst$keyword$background_DASH_color:Tn
cljs$cst$keyword$base:Tl
cljs$cst$keyword$base_DASH_args:Hk
cljs$cst$keyword$begin:eq
cljs$cst$keyword$block:ir
cljs$cst$keyword$body:wn
cljs$cst$keyword$both:hm
cljs$cst$keyword$bracket_DASH_info:Io
cljs$cst$keyword$break:Zm
cljs$cst$keyword$buffer:Vo
cljs$cst$keyword$buffer_DASH_blob:um
cljs$cst$keyword$buffer_DASH_block:Xo
cljs$cst$keyword$buffer_DASH_level:Lp
cljs$cst$keyword$buffering:cl
cljs$cst$keyword$cause:cq
cljs$cst$keyword$char_DASH_format:vn
cljs$cst$keyword$children:Mo
cljs$cst$keyword$circle:Sj
cljs$cst$keyword$clauses:On
cljs$cst$keyword$cnd:tn
cljs$cst$keyword$cnt:Bn
cljs$cst$keyword$colinc:Gn
cljs$cst$keyword$colnum:Eo
cljs$cst$keyword$colon:jk
cljs$cst$keyword$colon_DASH_up_DASH_arrow:ym
cljs$cst$keyword$color:mk
cljs$cst$keyword$column:rp
cljs$cst$keyword$commachar:$i
cljs$cst$keyword$commainterval:up
cljs$cst$keyword$content_DASH_type:sj
cljs$cst$keyword$count:Ln
cljs$cst$keyword$cret:Kp
cljs$cst$keyword$cur:fp
cljs$cst$keyword$current:Vn
cljs$cst$keyword$current_DASH_node:Do
cljs$cst$keyword$d:Bl
cljs$cst$keyword$data:Gj
cljs$cst$keyword$debug_DASH_fn:Cj
cljs$cst$keyword$def:Rk
cljs$cst$keyword$default:Ii
cljs$cst$keyword$deref:Tp
cljs$cst$keyword$descendants:xi
cljs$cst$keyword$directive:vl
cljs$cst$keyword$dispatch:go
cljs$cst$keyword$doc:gn
cljs$cst$keyword$done_DASH_nl:Pj
cljs$cst$keyword$dup:Ma
cljs$cst$keyword$e:zl
cljs$cst$keyword$else:jr
cljs$cst$keyword$else_DASH_params:or
cljs$cst$keyword$end:rm
cljs$cst$keyword$end_DASH_block_DASH_t:rr
cljs$cst$keyword$end_DASH_column:wk
cljs$cst$keyword$end_DASH_line:Nj
cljs$cst$keyword$end_DASH_pos:nj
cljs$cst$keyword$error:Sl
cljs$cst$keyword$escaped:Uj
cljs$cst$keyword$exponentchar:rl
cljs$cst$keyword$fallback_DASH_impl:Zh
cljs$cst$keyword$file:aq
cljs$cst$keyword$fill:bq
cljs$cst$keyword$first:im
cljs$cst$keyword$flags:Am
cljs$cst$keyword$flush_DASH_on_DASH_newline:Ha
cljs$cst$keyword$font_DASH_size:pm
cljs$cst$keyword$font_DASH_weight:ol
cljs$cst$keyword$form:Dp
cljs$cst$keyword$func:Ql
cljs$cst$keyword$generator_DASH_fn:yp
cljs$cst$keyword$group:zm
cljs$cst$keyword$headers:Aj
cljs$cst$keyword$hierarchy:yl
cljs$cst$keyword$host:yn
cljs$cst$keyword$indent:gr
cljs$cst$keyword$indent_DASH_t:Ul
cljs$cst$keyword$inline:om
cljs$cst$keyword$intra_DASH_block_DASH_nl:ln
cljs$cst$keyword$is_DASH_scrambled:oj
cljs$cst$keyword$json:Ro
cljs$cst$keyword$k:xl
cljs$cst$keyword$keyword_DASH_fn:oi
cljs$cst$keyword$keywordize_DASH_keys:ti
cljs$cst$keyword$last:sl
cljs$cst$keyword$length:xk
cljs$cst$keyword$level:dj
cljs$cst$keyword$li:Hj
cljs$cst$keyword$line:jj
cljs$cst$keyword$linear:ak
cljs$cst$keyword$lines:fk
cljs$cst$keyword$list:op
cljs$cst$keyword$logical_DASH_block:Jn
cljs$cst$keyword$logical_DASH_block_DASH_callback:Ap
cljs$cst$keyword$logical_DASH_blocks:En
cljs$cst$keyword$mandatory:rk
cljs$cst$keyword$map:sn
cljs$cst$keyword$max:Fn
cljs$cst$keyword$max_DASH_columns:Dn
cljs$cst$keyword$max_DASH_iterations:Yp
cljs$cst$keyword$message:sp
cljs$cst$keyword$meta:La
cljs$cst$keyword$method:Ej
cljs$cst$keyword$min_DASH_remaining:Wi
cljs$cst$keyword$mincol:Mp
cljs$cst$keyword$minpad:zk
cljs$cst$keyword$miser:yo
cljs$cst$keyword$miser_DASH_width:Rn
cljs$cst$keyword$mode:Cn
cljs$cst$keyword$more_DASH_marker:Ph
cljs$cst$keyword$n:Ol
cljs$cst$keyword$name:po
cljs$cst$keyword$nest:$n
cljs$cst$keyword$nil:Qo
cljs$cst$keyword$nl_DASH_t:bn
cljs$cst$keyword$node:jn
cljs$cst$keyword$nodes:ll
cljs$cst$keyword$not_DASH_delivered:Ek
cljs$cst$keyword$ns:Qi
cljs$cst$keyword$offset:Zi
cljs$cst$keyword$op:Vk
cljs$cst$keyword$outdent:Xj
cljs$cst$keyword$overflowchar:Hp
cljs$cst$keyword$padchar:Jo
cljs$cst$keyword$parameter_DASH_from_DASH_args:xo
cljs$cst$keyword$params:qr
cljs$cst$keyword$parent:fo
cljs$cst$keyword$parents:wi
cljs$cst$keyword$pass:rj
cljs$cst$keyword$pending:Rp
cljs$cst$keyword$per_DASH_line_DASH_prefix:yj
cljs$cst$keyword$port:nk
cljs$cst$keyword$pos:qp
cljs$cst$keyword$position:$l
cljs$cst$keyword$prefix:bm
cljs$cst$keyword$pretty:Jp
cljs$cst$keyword$pretty_DASH_print:ej
cljs$cst$keyword$pretty_DASH_writer:Fp
cljs$cst$keyword$print:dl
cljs$cst$keyword$print_DASH_fn:kp
cljs$cst$keyword$print_DASH_length:Oa
cljs$cst$keyword$print_DASH_level:Jf
cljs$cst$keyword$print_DASH_meta:Un
cljs$cst$keyword$println:Mk
cljs$cst$keyword$private:Qj
cljs$cst$keyword$promise_DASH_error:zj
cljs$cst$keyword$queue:so
cljs$cst$keyword$radix:gq
cljs$cst$keyword$readably:Ka
cljs$cst$keyword$ready:kn
cljs$cst$keyword$recur:dk
cljs$cst$keyword$relative_DASH_to:Gm
cljs$cst$keyword$remaining_DASH_arg_DASH_count:ap
cljs$cst$keyword$remote_DASH_host:gk
cljs$cst$keyword$request:eo
cljs$cst$keyword$response:Pp
cljs$cst$keyword$rest:Vi
cljs$cst$keyword$right:xn
cljs$cst$keyword$right_DASH_bracket:qo
cljs$cst$keyword$right_DASH_margin:jl
cljs$cst$keyword$right_DASH_params:fm
cljs$cst$keyword$rngs:Lk
cljs$cst$keyword$section:Ho
cljs$cst$keyword$sections:ek
cljs$cst$keyword$selector:vo
cljs$cst$keyword$separator:zp
cljs$cst$keyword$seq:Al
cljs$cst$keyword$server:Pk
cljs$cst$keyword$set:Dl
cljs$cst$keyword$shift:yk
cljs$cst$keyword$span:Wm
cljs$cst$keyword$start:Wj
cljs$cst$keyword$start_DASH_block_DASH_t:wj
cljs$cst$keyword$start_DASH_col:Yn
cljs$cst$keyword$start_DASH_pos:gm
cljs$cst$keyword$status:Rj
cljs$cst$keyword$status_DASH_text:Lj
cljs$cst$keyword$strable:Ml
cljs$cst$keyword$stream:dq
cljs$cst$keyword$string:Dj
cljs$cst$keyword$string_DASH_1:cp
cljs$cst$keyword$string_DASH_2:ep
cljs$cst$keyword$suffix:Po
cljs$cst$keyword$suppress_DASH_namespaces:Zn
cljs$cst$keyword$symbol:Rl
cljs$cst$keyword$symbols:cn
cljs$cst$keyword$tag:Yj
cljs$cst$keyword$tail_DASH_node:kq
cljs$cst$keyword$terminate:bj
cljs$cst$keyword$test:uk
cljs$cst$keyword$text:jq
cljs$cst$keyword$token:mn
cljs$cst$keyword$tomato:Nm
cljs$cst$keyword$too_DASH_far:kl
cljs$cst$keyword$trailing_DASH_white_DASH_space:Yl
cljs$cst$keyword$type:Km
cljs$cst$keyword$type_DASH_tag:gj
cljs$cst$keyword$up_DASH_arrow:vp
cljs$cst$keyword$val:hi
cljs$cst$keyword$vector:mm
cljs$cst$keyword$w:Jl
cljs$cst$keyword$width:lm
cljs$cst$keyword$writing:Wn
cljs$cst$symbol$ExceptionInfo:Bp
cljs$cst$symbol$_AMPERSAND_:lo
cljs$cst$symbol$_DASH__GT_:hj
cljs$cst$symbol$_DOT_:ao
cljs$cst$symbol$_DOT__DOT_:Ip
cljs$cst$symbol$a:Lm
cljs$cst$symbol$abbr:Gp
cljs$cst$symbol$address:al
cljs$cst$symbol$area:Gk
cljs$cst$symbol$article:hp
cljs$cst$symbol$aside:Bo
cljs$cst$symbol$audio:nl
cljs$cst$symbol$b:Cm
cljs$cst$symbol$base:$m
cljs$cst$symbol$bdi:tp
cljs$cst$symbol$bdo:jp
cljs$cst$symbol$big:pj
cljs$cst$symbol$binding:Sn
cljs$cst$symbol$blockquote:no
cljs$cst$symbol$body:qm
cljs$cst$symbol$br:Qk
cljs$cst$symbol$button:Xi
cljs$cst$symbol$canvas:Kn
cljs$cst$symbol$caption:km
cljs$cst$symbol$case_STAR_:lr
cljs$cst$symbol$catch:tj
cljs$cst$symbol$circle:wp
cljs$cst$symbol$cite:Zl
cljs$cst$symbol$cl_DASH_format:mo
cljs$cst$symbol$clipPath:Vp
cljs$cst$symbol$clj_DASH__GT_js:Zp
cljs$cst$symbol$cljs_DOT_core:aj
cljs$cst$symbol$cljs_DOT_core_SLASH_deref:ck
cljs$cst$symbol$cljs_DOT_core_SLASH_lift_DASH_ns:wl
cljs$cst$symbol$cljs_DOT_core_SLASH_unquote:Ik
cljs$cst$symbol$clojure_DOT_core_SLASH_deref:Fo
cljs$cst$symbol$clojure_DOT_core_SLASH_unquote:wm
cljs$cst$symbol$code:ql
cljs$cst$symbol$col:qk
cljs$cst$symbol$colgroup:Go
cljs$cst$symbol$cond:rn
cljs$cst$symbol$condp:Qp
cljs$cst$symbol$content_DASH_type:Sp
cljs$cst$symbol$data:sr
cljs$cst$symbol$datalist:nr
cljs$cst$symbol$dd:Kk
cljs$cst$symbol$def:gp
cljs$cst$symbol$defmacro:kr
cljs$cst$symbol$defn:Jj
cljs$cst$symbol$defn_DASH_:To
cljs$cst$symbol$defonce:Cp
cljs$cst$symbol$defrecord_STAR_:cj
cljs$cst$symbol$defs:Bj
cljs$cst$symbol$deftype_STAR_:hq
cljs$cst$symbol$del:Yo
cljs$cst$symbol$details:Qn
cljs$cst$symbol$dfn:No
cljs$cst$symbol$dialog:dm
cljs$cst$symbol$div:Up
cljs$cst$symbol$dl:lk
cljs$cst$symbol$do:ik
cljs$cst$symbol$doseq:Hm
cljs$cst$symbol$dotimes:Sk
cljs$cst$symbol$dt:pk
cljs$cst$symbol$ellipse:pp
cljs$cst$symbol$em:Vj
cljs$cst$symbol$embed:Ck
cljs$cst$symbol$fieldset:uj
cljs$cst$symbol$figcaption:Zj
cljs$cst$symbol$figure:jo
cljs$cst$symbol$finally:Wk
cljs$cst$symbol$fn:Kl
cljs$cst$symbol$fn_STAR_:Oj
cljs$cst$symbol$footer:Ti
cljs$cst$symbol$form:Nk
cljs$cst$symbol$g:Em
cljs$cst$symbol$h1:Ll
cljs$cst$symbol$h2:El
cljs$cst$symbol$h3:Fl
cljs$cst$symbol$h4:Gl
cljs$cst$symbol$h5:Il
cljs$cst$symbol$h6:Nl
cljs$cst$symbol$h_SLASH_e:gl
cljs$cst$symbol$head:Xk
cljs$cst$symbol$header:Mn
cljs$cst$symbol$hiccup_DASH_element:iq
cljs$cst$symbol$hiccup_SLASH_element:Pn
cljs$cst$symbol$host:Tm
cljs$cst$symbol$hr:hl
cljs$cst$symbol$html:tr
cljs$cst$symbol$i:Dm
cljs$cst$symbol$if:ml
cljs$cst$symbol$if_DASH_let:Op
cljs$cst$symbol$if_DASH_not:Fk
cljs$cst$symbol$iframe:hk
cljs$cst$symbol$img:Lo
cljs$cst$symbol$input:Xl
cljs$cst$symbol$ins:to
cljs$cst$symbol$inst:ho
cljs$cst$symbol$js:Fm
cljs$cst$symbol$js_STAR_:mj
cljs$cst$symbol$kbd:Dk
cljs$cst$symbol$keygen:So
cljs$cst$symbol$label:Tj
cljs$cst$symbol$legend:tm
cljs$cst$symbol$let:fl
cljs$cst$symbol$let_STAR_:jm
cljs$cst$symbol$letfn_STAR_:am
cljs$cst$symbol$li:xm
cljs$cst$symbol$lift_DASH_ns:Vl
cljs$cst$symbol$line:dp
cljs$cst$symbol$linearGradient:Xm
cljs$cst$symbol$link:Zo
cljs$cst$symbol$locking:ul
cljs$cst$symbol$loop:uo
cljs$cst$symbol$loop_STAR_:pl
cljs$cst$symbol$m:Sm
cljs$cst$symbol$m_SLASH_spy:ij
cljs$cst$symbol$main:Mm
cljs$cst$symbol$map:Fj
cljs$cst$symbol$mark:dn
cljs$cst$symbol$mask:pn
cljs$cst$symbol$menu:Wl
cljs$cst$symbol$menuitem:Ok
cljs$cst$symbol$merge:vk
cljs$cst$symbol$meta:il
cljs$cst$symbol$meter:Si
cljs$cst$symbol$method:Mj
cljs$cst$symbol$mode:nm
cljs$cst$symbol$name:Ao
cljs$cst$symbol$nav:fj
cljs$cst$symbol$new:bk
cljs$cst$symbol$noscript:bp
cljs$cst$symbol$ns:cm
cljs$cst$symbol$ns_STAR_:qj
cljs$cst$symbol$object:bl
cljs$cst$symbol$ol:Nn
cljs$cst$symbol$optgroup:Yi
cljs$cst$symbol$option:mr
cljs$cst$symbol$output:ok
cljs$cst$symbol$p:Vm
cljs$cst$symbol$param:Wo
cljs$cst$symbol$path:ip
cljs$cst$symbol$pattern:$p
cljs$cst$symbol$picture:Pm
cljs$cst$symbol$polygon:Ko
cljs$cst$symbol$polyline:Ak
cljs$cst$symbol$port:kk
cljs$cst$symbol$pre:em
cljs$cst$symbol$progress:Ep
cljs$cst$symbol$q:Um
cljs$cst$symbol$queue:hr
cljs$cst$symbol$quote:tl
cljs$cst$symbol$radialGradient:xp
cljs$cst$symbol$rect:Yk
cljs$cst$symbol$recur:Bm
cljs$cst$symbol$response:Ui
cljs$cst$symbol$rp:fn
cljs$cst$symbol$rt:an
cljs$cst$symbol$ruby:el
cljs$cst$symbol$s:Qm
cljs$cst$symbol$samp:sk
cljs$cst$symbol$script:Hn
cljs$cst$symbol$section:qn
cljs$cst$symbol$select:un
cljs$cst$symbol$set_BANG_:bo
cljs$cst$symbol$small:pr
cljs$cst$symbol$source:Ij
cljs$cst$symbol$span:Xp
cljs$cst$symbol$stop:Uo
cljs$cst$symbol$strong:Xn
cljs$cst$symbol$struct:Kj
cljs$cst$symbol$struct_DASH_map:Ri
cljs$cst$symbol$style:zn
cljs$cst$symbol$sub:Pl
cljs$cst$symbol$summary:Oo
cljs$cst$symbol$sup:Hl
cljs$cst$symbol$svg:Cl
cljs$cst$symbol$table:vj
cljs$cst$symbol$tbody:Uk
cljs$cst$symbol$td:zo
cljs$cst$symbol$text:xj
cljs$cst$symbol$textarea:io
cljs$cst$symbol$tfoot:$k
cljs$cst$symbol$th:wo
cljs$cst$symbol$thead:tk
cljs$cst$symbol$throw:Zk
cljs$cst$symbol$time:hn
cljs$cst$symbol$title:oo
cljs$cst$symbol$token:Ym
cljs$cst$symbol$tr:Co
cljs$cst$symbol$track:Wp
cljs$cst$symbol$try:Tk
cljs$cst$symbol$tspan:nn
cljs$cst$symbol$u:Om
cljs$cst$symbol$ul:ro
cljs$cst$symbol$uuid:fr
cljs$cst$symbol$var:en
cljs$cst$symbol$video:Np
cljs$cst$symbol$wbr:on
cljs$cst$symbol$when:An
cljs$cst$symbol$when_DASH_first:sm
cljs$cst$symbol$when_DASH_let:In
cljs$cst$symbol$when_DASH_not:$o
cljs$cst$symbol$with_DASH_local_DASH_vars:Jk
cljs$cst$symbol$with_DASH_open:Bk
cljs$cst$symbol$x:Rm
cljs$pprint:Ss
cljs$pprint$_STAR_code_table_STAR_:aw
cljs$pprint$_STAR_current_length_STAR_:Ut
cljs$pprint$_STAR_current_level_STAR_:Tt
cljs$pprint$_STAR_format_str_STAR_:hu
cljs$pprint$_STAR_print_base_STAR_:St
cljs$pprint$_STAR_print_circle_STAR_:Pt
cljs$pprint$_STAR_print_lines_STAR_:Ot
cljs$pprint$_STAR_print_miser_width_STAR_:Jt
cljs$pprint$_STAR_print_pprint_dispatch_STAR_:Nt
cljs$pprint$_STAR_print_pretty_STAR_:Mt
cljs$pprint$_STAR_print_radix_STAR_:Rt
cljs$pprint$_STAR_print_right_margin_STAR_:It
cljs$pprint$_STAR_print_suppress_namespaces_STAR_:Qt
cljs$pprint$_STAR_symbol_map_STAR_:$v
cljs$pprint$_ppflush:gt
cljs$pprint$abort_QMARK_:Lu
cljs$pprint$absolute_reposition:mu
cljs$pprint$add_english_scales:Du
cljs$pprint$add_to_buffer:Et
cljs$pprint$ancestor_QMARK_:mt
cljs$pprint$arg_navigator:ju
cljs$pprint$base_str:tu
cljs$pprint$boolean_conditional:Wu
cljs$pprint$brackets:Qv
cljs$pprint$buffer_blob:nt
cljs$pprint$c_write_char:jt
cljs$pprint$cached_compile:Av
cljs$pprint$capitalize_string:gv
cljs$pprint$capitalize_word_writer:hv
cljs$pprint$char_code:bt
cljs$pprint$check_arg_conditional:Xu
cljs$pprint$check_enumerated_arg:Zt
cljs$pprint$check_flags:sv
cljs$pprint$choice_conditional:Vu
cljs$pprint$cl_format$cljs$0core$0IFn$0_invoke$0arity$0variadic:cu
cljs$pprint$code_dispatch:bw
cljs$pprint$collect_clauses:xv
cljs$pprint$column_writer$cljs$0core$0IFn$0_invoke$0arity$02:kt
cljs$pprint$compile_directive:uv
cljs$pprint$compile_format:du
cljs$pprint$compile_raw_string:vv
cljs$pprint$compiled_directive:ou
cljs$pprint$conditional_newline:kv
cljs$pprint$consume:dt
cljs$pprint$directive_table:lv
cljs$pprint$dollar_float:Uu
cljs$pprint$downcase_writer:ev
cljs$pprint$emit_nl:tt
cljs$pprint$emit_nl_QMARK_:yt
cljs$pprint$end_block:Lt
cljs$pprint$end_block_t:qt
cljs$pprint$english_cardinal_tens:zu
cljs$pprint$english_cardinal_units:xu
cljs$pprint$english_ordinal_tens:Au
cljs$pprint$english_ordinal_units:yu
cljs$pprint$english_scale_numbers:Bu
cljs$pprint$execute_format$cljs$0core$0IFn$0_invoke$0arity$02:gu
cljs$pprint$execute_sub_format:Mu
cljs$pprint$exponential_float:Su
cljs$pprint$extract_flags:rv
cljs$pprint$extract_param:ov
cljs$pprint$fixed_float:Ru
cljs$pprint$flag_defs:qv
cljs$pprint$float_parts:Nu
cljs$pprint$format_ascii:su
cljs$pprint$format_error:iu
cljs$pprint$format_integer:wu
cljs$pprint$format_roman:Gu
cljs$pprint$format_simple_cardinal:Cu
cljs$pprint$general_float:Tu
cljs$pprint$get_field:ht
cljs$pprint$get_fixed:Pu
cljs$pprint$get_format_arg:lu
cljs$pprint$get_section:zt
cljs$pprint$get_sub_section:At
cljs$pprint$group_by_STAR_:vu
cljs$pprint$indent_t:rt
cljs$pprint$init_cap_writer:iv
cljs$pprint$init_navigator:eu
cljs$pprint$insert_scaled_decimal:Qu
cljs$pprint$iterate_list_of_sublists:Zu
cljs$pprint$iterate_main_list:$u
cljs$pprint$iterate_main_sublists:av
cljs$pprint$iterate_sublist:Yu
cljs$pprint$justify_clauses:cv
cljs$pprint$level_exceeded:$t
cljs$pprint$linear_nl_QMARK_:wt
cljs$pprint$logical_block:lt
cljs$pprint$logical_block_or_justify:bv
cljs$pprint$map_params:tv
cljs$pprint$map_passing_context:ct
cljs$pprint$miser_nl_QMARK_:xt
cljs$pprint$multi_defn:Uv
cljs$pprint$needs_pretty:fu
cljs$pprint$new_roman_table:Fu
cljs$pprint$next_arg:ku
cljs$pprint$nl_t:ot
cljs$pprint$old_roman_table:Eu
cljs$pprint$param_pattern:mv
cljs$pprint$plain_character:Ku
cljs$pprint$pprint$cljs$0core$0IFn$0_invoke$0arity$01:Yt
cljs$pprint$pprint_binding_form:Xv
cljs$pprint$pprint_defn:Vv
cljs$pprint$pprint_hold_first:Sv
cljs$pprint$pprint_if:Zv
cljs$pprint$pprint_indent:bu
cljs$pprint$pprint_let:Yv
cljs$pprint$pprint_map:Ev
cljs$pprint$pprint_newline:au
cljs$pprint$pprint_ns_reference:Rv
cljs$pprint$pprint_pqueue:Iv
cljs$pprint$pprint_reader_macro:Cv
cljs$pprint$pprint_set:Gv
cljs$pprint$pprint_simple_code_list:Wv
cljs$pprint$pprint_simple_default:Fv
cljs$pprint$pprint_vector:Dv
cljs$pprint$pr:$s
cljs$pprint$pretty_character:Iu
cljs$pprint$pretty_writer:Ht
cljs$pprint$pretty_writer_QMARK_:Vt
cljs$pprint$print:Zs
cljs$pprint$prn:at
cljs$pprint$process_bracket:wv
cljs$pprint$process_clause:yv
cljs$pprint$process_nesting:zv
cljs$pprint$readable_character:Ju
cljs$pprint$reader_macros:Bv
cljs$pprint$realize_parameter:pu
cljs$pprint$realize_parameter_list:qu
cljs$pprint$relative_reposition:nu
cljs$pprint$remainders:uu
cljs$pprint$render_clauses:dv
cljs$pprint$round_str:Ou
cljs$pprint$set_field:it
cljs$pprint$set_indent:jv
cljs$pprint$simple_dispatch:Kv
cljs$pprint$single_defn:Tv
cljs$pprint$special_chars:Hu
cljs$pprint$special_params:nv
cljs$pprint$special_radix_markers:ru
cljs$pprint$split_at_newline:Bt
cljs$pprint$start_block:Kt
cljs$pprint$start_block_t:pt
cljs$pprint$t_cljs$0pprint24167:Ts
cljs$pprint$t_cljs$0pprint25468:Us
cljs$pprint$t_cljs$0pprint27812:Vs
cljs$pprint$t_cljs$0pprint27839:Ws
cljs$pprint$t_cljs$0pprint27867:Xs
cljs$pprint$t_cljs$0pprint27905:Ys
cljs$pprint$tokens_fit_QMARK_:vt
cljs$pprint$translate_param:pv
cljs$pprint$tuple_map:ft
cljs$pprint$type_dispatcher:Jv
cljs$pprint$type_map:Hv
cljs$pprint$unzip_map:et
cljs$pprint$upcase_writer:fv
cljs$pprint$write:Xt
cljs$pprint$write_initial_lines:Gt
cljs$pprint$write_line:Dt
cljs$pprint$write_out:Wt
cljs$pprint$write_token:st
cljs$pprint$write_token_string:Ct
cljs$pprint$write_tokens:ut
cljs$pprint$write_white_space:Ft
cljs$reader$_STAR_tag_table_STAR_:Ir
cljs$reader$check:Gr
cljs$reader$days_in_month:Dr
cljs$reader$parse_and_validate_timestamp:Hr
cljs$reader$parse_int:Fr
cljs$reader$register_tag_parser_BANG_:Jr
cljs$reader$timestamp_regex:Er
cljs$tools$reader$impl$inspect$inspect_STAR_:xr
cljs$tools$reader$impl$inspect$inspect_STAR__col:wr
clojure$core$rrb_vector$catvec:Hx
clojure$core$rrb_vector$nodes$clone:Jw
clojure$core$rrb_vector$nodes$fold_tail:Vw
clojure$core$rrb_vector$nodes$index_of_nil:Pw
clojure$core$rrb_vector$nodes$last_child:Qw
clojure$core$rrb_vector$nodes$last_range:Mw
clojure$core$rrb_vector$nodes$new_path_STAR_:Uw
clojure$core$rrb_vector$nodes$node_ranges:Lw
clojure$core$rrb_vector$nodes$overflow_QMARK_:Ow
clojure$core$rrb_vector$nodes$regular_QMARK_:Kw
clojure$core$rrb_vector$nodes$regular_ranges:Nw
clojure$core$rrb_vector$nodes$remove_leftmost_child:Rw
clojure$core$rrb_vector$nodes$replace_leftmost_child:Sw
clojure$core$rrb_vector$nodes$replace_rightmost_child:Tw
clojure$core$rrb_vector$protocols$_slicev:Iw
clojure$core$rrb_vector$protocols$_splicev:Hw
clojure$core$rrb_vector$rrbt$RRBChunkedSeq:fx
clojure$core$rrb_vector$rrbt$Transient:Gx
clojure$core$rrb_vector$rrbt$Vector:mx
clojure$core$rrb_vector$rrbt$__GT_Transient:nx
clojure$core$rrb_vector$rrbt$_array_for:dx
clojure$core$rrb_vector$rrbt$_as_rrbt:ex
clojure$core$rrb_vector$rrbt$_tail_offset:cx
clojure$core$rrb_vector$rrbt$child_nodes:Ax
clojure$core$rrb_vector$rrbt$child_seq:ux
clojure$core$rrb_vector$rrbt$fallback_config:Cx
clojure$core$rrb_vector$rrbt$fallback_to_slow_splice_count1:Dx
clojure$core$rrb_vector$rrbt$fallback_to_slow_splice_count2:Ex
clojure$core$rrb_vector$rrbt$leaf_seq:sx
clojure$core$rrb_vector$rrbt$peephole_optimization_config:yx
clojure$core$rrb_vector$rrbt$peephole_optimization_count:zx
clojure$core$rrb_vector$rrbt$poor_branching_QMARK_:Bx
clojure$core$rrb_vector$rrbt$rebalance:vx
clojure$core$rrb_vector$rrbt$rebalance_leaves:tx
clojure$core$rrb_vector$rrbt$rrb_chunked_seq:hx
clojure$core$rrb_vector$rrbt$rrb_chunked_seq$cljs$0core$0IFn$0_invoke$0arity$03:ix
clojure$core$rrb_vector$rrbt$rrb_chunked_seq$cljs$0core$0IFn$0_invoke$0arity$04:gx
clojure$core$rrb_vector$rrbt$rrb_chunked_seq$cljs$0core$0IFn$0_invoke$0arity$05:jx
clojure$core$rrb_vector$rrbt$shift_from_to:px
clojure$core$rrb_vector$rrbt$slice_left:lx
clojure$core$rrb_vector$rrbt$slice_right:kx
clojure$core$rrb_vector$rrbt$slot_count:qx
clojure$core$rrb_vector$rrbt$splice_rrbts:ox
clojure$core$rrb_vector$rrbt$splice_rrbts_main:Fx
clojure$core$rrb_vector$rrbt$squash_nodes:xx
clojure$core$rrb_vector$rrbt$subtree_branch_count:rx
clojure$core$rrb_vector$rrbt$zippath:wx
clojure$core$rrb_vector$transients$do_assoc_BANG_:bx
clojure$core$rrb_vector$transients$ensure_editable:$w
clojure$core$rrb_vector$transients$push_tail_BANG_:ax
clojure$core$rrb_vector$trees$do_assoc:Zw
clojure$core$rrb_vector$trees$new_path:Ww
clojure$core$rrb_vector$trees$pop_tail:Yw
clojure$core$rrb_vector$trees$push_tail:Xw
clojure$string$split$cljs$0core$0IFn$0_invoke$0arity$03:vr
clojure$string$split_with_empty_regex:ur
clojure$walk$keywordize_keys:jw
clojure$walk$postwalk:iw
clojure$walk$walk:hw
cur$jscomp$inline_2030:fz
fipp$deque$conjr:Jx
fipp$deque$empty:Ix
fipp$edn$EdnPrinter:Xx
fipp$edn$pprint$cljs$0core$0IFn$0_invoke$0arity$02:Yx
fipp$edn$pretty_coll:Wx
fipp$ednize$IEdn:lw
fipp$ednize$_edn:mw
fipp$ednize$edn:ow
fipp$ednize$override_QMARK_:nw
fipp$engine$annotate_begins:Tx
fipp$engine$annotate_rights:Rx
fipp$engine$format_nodes:Ux
fipp$engine$print_fns:Vx
fipp$engine$serialize:Qx
fipp$engine$serialize_node:Kx
fipp$engine$update_right$cljs$0core$0IFn$0_invoke$0arity$0variadic:Sx
fipp$util$edn_QMARK_:kw
fipp$visit$visit:Gw
fipp$visit$visit_STAR_:Fw
fipp$visit$visit_boolean:rw
fipp$visit$visit_keyword:uw
fipp$visit$visit_map:yw
fipp$visit$visit_meta:Bw
fipp$visit$visit_nil:qw
fipp$visit$visit_number:vw
fipp$visit$visit_pattern:Dw
fipp$visit$visit_record:Ew
fipp$visit$visit_seq:ww
fipp$visit$visit_set:zw
fipp$visit$visit_string:sw
fipp$visit$visit_symbol:tw
fipp$visit$visit_tagged:Aw
fipp$visit$visit_unknown:pw
fipp$visit$visit_var:Cw
fipp$visit$visit_vector:xw
flexiana$core$Flexiana_component:iy
flexiana$core$app:jy
flexiana$core$config:hy
goog$UID_PROPERTY_:ca
goog$async$nextTick$getSetImmediateEmulator_:qs
goog$async$nextTick$setImmediate_:ps
goog$bind:ha
goog$bindJs_:fa
goog$bindNative_:ea
goog$dom$createElement:os
goog$getUid:ba
goog$global:aa
goog$string$StringBuffer:ua
goog$string$internal$isEmptyOrWhitespace:ia
goog$string$isUnicodeChar:ta
goog$typeOf:q
goog$uidCounter_:da
goog$userAgent$IE:Xr
helix$core$extract_cljs_props:Tr
helix$hooks$use_state:Sr
hierarchy__4751__auto__$jscomp$inline_1759:Cr
hierarchy__4751__auto__$jscomp$inline_1868:Pv
hierarchy__4751__auto__$jscomp$inline_1902:gw
hierarchy__4751__auto__$jscomp$inline_1975:Px
method_cache__4749__auto__$jscomp$inline_1757:Ar
method_cache__4749__auto__$jscomp$inline_1866:Nv
method_cache__4749__auto__$jscomp$inline_1900:ew
method_cache__4749__auto__$jscomp$inline_1973:Nx
method_table__4747__auto__$jscomp$inline_1755:yr
method_table__4747__auto__$jscomp$inline_1864:Lv
method_table__4747__auto__$jscomp$inline_1898:cw
method_table__4747__auto__$jscomp$inline_1971:Lx
module$contents$goog$labs$userAgent$browser_matchChrome:sa
module$contents$goog$labs$userAgent$browser_matchFirefox:qa
module$contents$goog$labs$userAgent$browser_matchSafari:ra
module$contents$goog$labs$userAgent$platform_isIos:Wr
module$contents$goog$labs$userAgent$platform_isIphone:Vr
module$contents$goog$labs$userAgent$util_matchUserAgent:pa
module$contents$goog$labs$userAgent$util_userAgentInternal:oa
module$contents$goog$object_get:la
module$contents$goog$object_getKeys:ja
module$node_modules$react$index:Qr
module$node_modules$react_dom$index:Ur
navigator$jscomp$inline_974:Yr
part$jscomp$inline_2031:gz
parts$jscomp$inline_2029:ky
prefer_table__4748__auto__$jscomp$inline_1756:zr
prefer_table__4748__auto__$jscomp$inline_1865:Mv
prefer_table__4748__auto__$jscomp$inline_1899:dw
prefer_table__4748__auto__$jscomp$inline_1972:Mx
shadow$js$files:Mr
shadow$js$jsRequire:Pr
shadow$js$nativeRequires:Nr
shadow$js$requireStack:Or
thump$core$maybe_parse_child:Lr
thump$core$parse:Kr
thump$react$create_element:Rr
utils$clog:by
utils$form_data:$x
utils$format_request$cljs$0core$0IFn$0_invoke$0arity$0variadic:ay
utils$js_fetch:cy
utils$js_log:ey
utils$name_STAR_:fy
utils$oget:dy
utils$query_selector:gy
